../Core/Src/main.c:83:6:command_parser_fsm	16	static
../Core/Src/main.c:117:6:uart_communiation_fsm	80	static
../Core/Src/main.c:165:5:main	8	static
../Core/Src/main.c:222:6:SystemClock_Config	88	static
../Core/Src/main.c:266:13:MX_ADC1_Init	24	static
../Core/Src/main.c:313:13:MX_TIM2_Init	32	static
../Core/Src/main.c:358:13:MX_USART2_UART_Init	8	static
../Core/Src/main.c:391:13:MX_GPIO_Init	16	static
../Core/Src/main.c:404:6:HAL_TIM_PeriodElapsedCallback	16	static
../Core/Src/main.c:409:6:HAL_UART_RxCpltCallback	16	static
../Core/Src/main.c:426:6:Error_Handler	4	static,ignoring_inline_asm
